<?xml version="1.0" encoding="UTF-8"?>
<TestRun id="bf373e07-5f09-44f2-bb77-0e56492f619e" name="reza@INNOVATION-ST 2012-02-28 20:01:11" runUser="Innovation-St\reza" xmlns="http://microsoft.com/schemas/VisualStudio/TeamTest/2010">
  <TestSettings name="Local" id="6e919be3-b349-4f4d-a205-06b636a09382">
    <Description>These are default test settings for a local test run.</Description>
    <Deployment enabled="false" runDeploymentRoot="reza_INNOVATION-ST 2012-02-28 20_01_11">
      <DeploymentItem filename="c:\users\reza\documents\visual studio 2010\Projects\KataRomanNumerals\KataRomanNumerals.Library\bin\Debug\KataRomanNumerals.Library.dll" />
    </Deployment>
    <Execution>
      <TestTypeSpecific />
      <AgentRule name="Execution Agents">
      </AgentRule>
    </Execution>
  </TestSettings>
  <Times creation="2012-02-28T20:01:11.1478315+00:00" queuing="2012-02-28T20:01:11.1898339+00:00" start="2012-02-28T20:01:11.1968343+00:00" finish="2012-02-28T20:01:11.6168583+00:00" />
  <ResultSummary outcome="Completed">
    <Counters total="3" executed="3" passed="3" error="0" failed="0" timeout="0" aborted="0" inconclusive="0" passedButRunAborted="0" notRunnable="0" notExecuted="0" disconnected="0" warning="0" completed="0" inProgress="0" pending="0" />
  </ResultSummary>
  <TestDefinitions>
    <UnitTest name="NumberToRomanConvertor_Returns_I_For_1" storage="c:\users\reza\documents\visual studio 2010\projects\kataromannumerals\kataromannumerals.test\bin\debug\kataromannumerals.test.dll" id="32ce1458-f01a-4f85-a068-f8c725fd52ab">
      <Execution id="9139f709-4bcf-4f8b-9a4c-3db81f70f201" />
      <TestMethod codeBase="c:/users/reza/documents/visual studio 2010/Projects/KataRomanNumerals/KataRomanNumerals.Test/bin/Debug/KataRomanNumerals.Test.DLL" adapterTypeName="Microsoft.VisualStudio.TestTools.TestTypes.Unit.UnitTestAdapter, Microsoft.VisualStudio.QualityTools.Tips.UnitTest.Adapter, Version=10.0.0.0, Culture=neutral, PublicKeyToken=b03f5f7f11d50a3a" className="KataRomanNumerals.Test.NumberToRomanConvertorTests, KataRomanNumerals.Test, Version=1.0.0.0, Culture=neutral, PublicKeyToken=null" name="NumberToRomanConvertor_Returns_I_For_1" />
    </UnitTest>
    <UnitTest name="NumberToRomanConvertor_Returns_Correct_Value_For_Numbers_Lower_Than_3" storage="c:\users\reza\documents\visual studio 2010\projects\kataromannumerals\kataromannumerals.test\bin\debug\kataromannumerals.test.dll" id="873b1e5d-5b44-6564-1a2d-1d3d99d11e05">
      <Execution id="5d1538a0-32d4-4798-b8ea-a1b8a18c43fe" />
      <TestMethod codeBase="c:/users/reza/documents/visual studio 2010/Projects/KataRomanNumerals/KataRomanNumerals.Test/bin/Debug/KataRomanNumerals.Test.DLL" adapterTypeName="Microsoft.VisualStudio.TestTools.TestTypes.Unit.UnitTestAdapter, Microsoft.VisualStudio.QualityTools.Tips.UnitTest.Adapter, Version=10.0.0.0, Culture=neutral, PublicKeyToken=b03f5f7f11d50a3a" className="KataRomanNumerals.Test.NumberToRomanConvertorTests, KataRomanNumerals.Test, Version=1.0.0.0, Culture=neutral, PublicKeyToken=null" name="NumberToRomanConvertor_Returns_Correct_Value_For_Numbers_Lower_Than_3" />
    </UnitTest>
    <UnitTest name="NumberToRomanConvertor_Handles_Normally_Calculated_Numbers_Up_To_8" storage="c:\users\reza\documents\visual studio 2010\projects\kataromannumerals\kataromannumerals.test\bin\debug\kataromannumerals.test.dll" id="a5c7d76b-e83a-db86-0d3a-5862beff8f69">
      <Execution id="17b4cdb7-8abc-45f6-ac5d-ea330fb0ffd7" />
      <TestMethod codeBase="c:/users/reza/documents/visual studio 2010/Projects/KataRomanNumerals/KataRomanNumerals.Test/bin/Debug/KataRomanNumerals.Test.DLL" adapterTypeName="Microsoft.VisualStudio.TestTools.TestTypes.Unit.UnitTestAdapter, Microsoft.VisualStudio.QualityTools.Tips.UnitTest.Adapter, Version=10.0.0.0, Culture=neutral, PublicKeyToken=b03f5f7f11d50a3a" className="KataRomanNumerals.Test.NumberToRomanConvertorTests, KataRomanNumerals.Test, Version=1.0.0.0, Culture=neutral, PublicKeyToken=null" name="NumberToRomanConvertor_Handles_Normally_Calculated_Numbers_Up_To_8" />
    </UnitTest>
  </TestDefinitions>
  <TestLists>
    <TestList name="Results Not in a List" id="8c84fa94-04c1-424b-9868-57a2d4851a1d" />
    <TestList name="All Loaded Results" id="19431567-8539-422a-85d7-44ee4e166bda" />
  </TestLists>
  <TestEntries>
    <TestEntry testId="32ce1458-f01a-4f85-a068-f8c725fd52ab" executionId="9139f709-4bcf-4f8b-9a4c-3db81f70f201" testListId="8c84fa94-04c1-424b-9868-57a2d4851a1d" />
    <TestEntry testId="873b1e5d-5b44-6564-1a2d-1d3d99d11e05" executionId="5d1538a0-32d4-4798-b8ea-a1b8a18c43fe" testListId="8c84fa94-04c1-424b-9868-57a2d4851a1d" />
    <TestEntry testId="a5c7d76b-e83a-db86-0d3a-5862beff8f69" executionId="17b4cdb7-8abc-45f6-ac5d-ea330fb0ffd7" testListId="8c84fa94-04c1-424b-9868-57a2d4851a1d" />
  </TestEntries>
  <Results>
    <UnitTestResult executionId="9139f709-4bcf-4f8b-9a4c-3db81f70f201" testId="32ce1458-f01a-4f85-a068-f8c725fd52ab" testName="NumberToRomanConvertor_Returns_I_For_1" computerName="INNOVATION-ST" duration="00:00:00.0323271" startTime="2012-02-28T20:01:11.1998344+00:00" endTime="2012-02-28T20:01:11.5888567+00:00" testType="13cdc9d9-ddb5-4fa4-a97d-d965ccfc6d4b" outcome="Passed" testListId="8c84fa94-04c1-424b-9868-57a2d4851a1d" relativeResultsDirectory="9139f709-4bcf-4f8b-9a4c-3db81f70f201">
    </UnitTestResult>
    <UnitTestResult executionId="5d1538a0-32d4-4798-b8ea-a1b8a18c43fe" testId="873b1e5d-5b44-6564-1a2d-1d3d99d11e05" testName="NumberToRomanConvertor_Returns_Correct_Value_For_Numbers_Lower_Than_3" computerName="INNOVATION-ST" duration="00:00:00.0003348" startTime="2012-02-28T20:01:11.5908568+00:00" endTime="2012-02-28T20:01:11.5948570+00:00" testType="13cdc9d9-ddb5-4fa4-a97d-d965ccfc6d4b" outcome="Passed" testListId="8c84fa94-04c1-424b-9868-57a2d4851a1d" relativeResultsDirectory="5d1538a0-32d4-4798-b8ea-a1b8a18c43fe">
    </UnitTestResult>
    <UnitTestResult executionId="17b4cdb7-8abc-45f6-ac5d-ea330fb0ffd7" testId="a5c7d76b-e83a-db86-0d3a-5862beff8f69" testName="NumberToRomanConvertor_Handles_Normally_Calculated_Numbers_Up_To_8" computerName="INNOVATION-ST" duration="00:00:00.0003598" startTime="2012-02-28T20:01:11.5968571+00:00" endTime="2012-02-28T20:01:11.5998573+00:00" testType="13cdc9d9-ddb5-4fa4-a97d-d965ccfc6d4b" outcome="Passed" testListId="8c84fa94-04c1-424b-9868-57a2d4851a1d" relativeResultsDirectory="17b4cdb7-8abc-45f6-ac5d-ea330fb0ffd7">
    </UnitTestResult>
  </Results>
</TestRun>