<?xml version="1.0" encoding="UTF-8"?>
<TestRun id="2e8e178e-6710-4e6b-a679-57324f8937d8" name="reza@INNOVATION-ST 2012-02-28 19:36:16" runUser="Innovation-St\reza" xmlns="http://microsoft.com/schemas/VisualStudio/TeamTest/2010">
  <TestSettings name="Local" id="6e919be3-b349-4f4d-a205-06b636a09382">
    <Description>These are default test settings for a local test run.</Description>
    <Deployment enabled="false" runDeploymentRoot="reza_INNOVATION-ST 2012-02-28 19_36_16">
      <DeploymentItem filename="c:\users\reza\documents\visual studio 2010\Projects\KataRomanNumerals\KataRomanNumerals.Library\bin\Debug\KataRomanNumerals.Library.dll" />
    </Deployment>
    <Execution>
      <TestTypeSpecific />
      <AgentRule name="Execution Agents">
      </AgentRule>
    </Execution>
  </TestSettings>
  <Times creation="2012-02-28T19:36:16.4993425+00:00" queuing="2012-02-28T19:36:16.5403448+00:00" start="2012-02-28T19:36:16.5473452+00:00" finish="2012-02-28T19:36:16.9583687+00:00" />
  <ResultSummary outcome="Failed">
    <Counters total="1" executed="1" error="0" failed="1" timeout="0" aborted="0" inconclusive="0" passedButRunAborted="0" notRunnable="0" notExecuted="0" disconnected="0" warning="0" passed="0" completed="0" inProgress="0" pending="0" />
  </ResultSummary>
  <TestDefinitions>
    <UnitTest name="NumberToRomanConvertor_Handles_Numbers_Up_To_8" storage="c:\users\reza\documents\visual studio 2010\projects\kataromannumerals\kataromannumerals.test\bin\debug\kataromannumerals.test.dll" id="72e57c61-e9fb-2bb4-11cd-adb5bf140f48">
      <Execution id="9ae5b07d-2a3e-4b02-9b53-d240b4c6daf7" />
      <TestMethod codeBase="c:/users/reza/documents/visual studio 2010/Projects/KataRomanNumerals/KataRomanNumerals.Test/bin/Debug/KataRomanNumerals.Test.DLL" adapterTypeName="Microsoft.VisualStudio.TestTools.TestTypes.Unit.UnitTestAdapter, Microsoft.VisualStudio.QualityTools.Tips.UnitTest.Adapter, Version=10.0.0.0, Culture=neutral, PublicKeyToken=b03f5f7f11d50a3a" className="KataRomanNumerals.Test.NumberToRomanConvertorTests, KataRomanNumerals.Test, Version=1.0.0.0, Culture=neutral, PublicKeyToken=null" name="NumberToRomanConvertor_Handles_Numbers_Up_To_8" />
    </UnitTest>
  </TestDefinitions>
  <TestLists>
    <TestList name="Results Not in a List" id="8c84fa94-04c1-424b-9868-57a2d4851a1d" />
    <TestList name="All Loaded Results" id="19431567-8539-422a-85d7-44ee4e166bda" />
  </TestLists>
  <TestEntries>
    <TestEntry testId="72e57c61-e9fb-2bb4-11cd-adb5bf140f48" executionId="9ae5b07d-2a3e-4b02-9b53-d240b4c6daf7" testListId="8c84fa94-04c1-424b-9868-57a2d4851a1d" />
  </TestEntries>
  <Results>
    <UnitTestResult executionId="9ae5b07d-2a3e-4b02-9b53-d240b4c6daf7" testId="72e57c61-e9fb-2bb4-11cd-adb5bf140f48" testName="NumberToRomanConvertor_Handles_Numbers_Up_To_8" computerName="INNOVATION-ST" duration="00:00:00.0518171" startTime="2012-02-28T19:36:16.5523455+00:00" endTime="2012-02-28T19:36:16.9423678+00:00" testType="13cdc9d9-ddb5-4fa4-a97d-d965ccfc6d4b" outcome="Failed" testListId="8c84fa94-04c1-424b-9868-57a2d4851a1d" relativeResultsDirectory="9ae5b07d-2a3e-4b02-9b53-d240b4c6daf7">
      <Output>
        <ErrorInfo>
          <Message>Test method KataRomanNumerals.Test.NumberToRomanConvertorTests.NumberToRomanConvertor_Handles_Numbers_Up_To_8 threw exception: 
System.NotSupportedException: Specified method is not supported.</Message>
          <StackTrace>    at KataRomanNumerals.Library.NumberToRomanConvertor.GetRomanValue(Int32 number) in c:\users\reza\documents\visual studio 2010\Projects\KataRomanNumerals\KataRomanNumerals.Library\NumberToRomanConvertor.cs:line 16
   at KataRomanNumerals.Test.NumberToRomanConvertorTests.NumberToRomanConvertor_Handles_Numbers_Up_To_8() in c:\users\reza\documents\visual studio 2010\Projects\KataRomanNumerals\KataRomanNumerals.Test\NumberToRomanConvertorTests.cs:line 31
</StackTrace>
        </ErrorInfo>
      </Output>
    </UnitTestResult>
  </Results>
</TestRun>