<?xml version="1.0" encoding="UTF-8"?>
<TestRun id="33cc8ab7-9f72-4d34-a20a-0d3b595ebd2f" name="reza@INNOVATION-ST 2012-02-28 19:58:51" runUser="Innovation-St\reza" xmlns="http://microsoft.com/schemas/VisualStudio/TeamTest/2010">
  <TestSettings name="Local" id="6e919be3-b349-4f4d-a205-06b636a09382">
    <Description>These are default test settings for a local test run.</Description>
    <Deployment enabled="false" runDeploymentRoot="reza_INNOVATION-ST 2012-02-28 19_58_51">
      <DeploymentItem filename="c:\users\reza\documents\visual studio 2010\Projects\KataRomanNumerals\KataRomanNumerals.Library\bin\Debug\KataRomanNumerals.Library.dll" />
    </Deployment>
    <Execution>
      <TestTypeSpecific />
      <AgentRule name="Execution Agents">
      </AgentRule>
    </Execution>
  </TestSettings>
  <Times creation="2012-02-28T19:58:51.9788715+00:00" queuing="2012-02-28T19:58:52.0188737+00:00" start="2012-02-28T19:58:52.0258741+00:00" finish="2012-02-28T19:58:52.4588989+00:00" />
  <ResultSummary outcome="Failed">
    <Counters total="1" executed="1" error="0" failed="1" timeout="0" aborted="0" inconclusive="0" passedButRunAborted="0" notRunnable="0" notExecuted="0" disconnected="0" warning="0" passed="0" completed="0" inProgress="0" pending="0" />
  </ResultSummary>
  <TestDefinitions>
    <UnitTest name="NumberToRomanConvertor_Handles_Numbers_Up_To_8" storage="c:\users\reza\documents\visual studio 2010\projects\kataromannumerals\kataromannumerals.test\bin\debug\kataromannumerals.test.dll" id="72e57c61-e9fb-2bb4-11cd-adb5bf140f48">
      <Execution id="95b07182-1c98-4e25-8597-eeb6105dc462" />
      <TestMethod codeBase="c:/users/reza/documents/visual studio 2010/Projects/KataRomanNumerals/KataRomanNumerals.Test/bin/Debug/KataRomanNumerals.Test.DLL" adapterTypeName="Microsoft.VisualStudio.TestTools.TestTypes.Unit.UnitTestAdapter, Microsoft.VisualStudio.QualityTools.Tips.UnitTest.Adapter, Version=10.0.0.0, Culture=neutral, PublicKeyToken=b03f5f7f11d50a3a" className="KataRomanNumerals.Test.NumberToRomanConvertorTests, KataRomanNumerals.Test, Version=1.0.0.0, Culture=neutral, PublicKeyToken=null" name="NumberToRomanConvertor_Handles_Numbers_Up_To_8" />
    </UnitTest>
  </TestDefinitions>
  <TestLists>
    <TestList name="Results Not in a List" id="8c84fa94-04c1-424b-9868-57a2d4851a1d" />
    <TestList name="All Loaded Results" id="19431567-8539-422a-85d7-44ee4e166bda" />
  </TestLists>
  <TestEntries>
    <TestEntry testId="72e57c61-e9fb-2bb4-11cd-adb5bf140f48" executionId="95b07182-1c98-4e25-8597-eeb6105dc462" testListId="8c84fa94-04c1-424b-9868-57a2d4851a1d" />
  </TestEntries>
  <Results>
    <UnitTestResult executionId="95b07182-1c98-4e25-8597-eeb6105dc462" testId="72e57c61-e9fb-2bb4-11cd-adb5bf140f48" testName="NumberToRomanConvertor_Handles_Numbers_Up_To_8" computerName="INNOVATION-ST" duration="00:00:00.0620980" startTime="2012-02-28T19:58:52.0298744+00:00" endTime="2012-02-28T19:58:52.4418979+00:00" testType="13cdc9d9-ddb5-4fa4-a97d-d965ccfc6d4b" outcome="Failed" testListId="8c84fa94-04c1-424b-9868-57a2d4851a1d" relativeResultsDirectory="95b07182-1c98-4e25-8597-eeb6105dc462">
      <Output>
        <ErrorInfo>
          <Message>Assert.AreEqual failed. Expected:&lt;IV&gt;. Actual:&lt;IIII&gt;. </Message>
          <StackTrace>   at KataRomanNumerals.Test.NumberToRomanConvertorTests.NumberToRomanConvertor_Handles_Numbers_Up_To_8() in c:\users\reza\documents\visual studio 2010\Projects\KataRomanNumerals\KataRomanNumerals.Test\NumberToRomanConvertorTests.cs:line 31
</StackTrace>
        </ErrorInfo>
      </Output>
    </UnitTestResult>
  </Results>
</TestRun>